youtube XtCS3QnSYQg
youtube QmILBZFoHEI
youtube 7DiTTXT2gl0
youtube w3rLnizEJ1w
youtube Yu9PmSqj6hg
youtube yHWO2wqJwrA
youtube aqbCckSCNzE
youtube HpTP2vL1Oa4
youtube 2odifhIJy4Y
youtube KtQER4aXS08
youtube s7_nSYQqmPA
youtube lNlRaRiIsnw
youtube WpXkagEw7jI
youtube 6_F3ClqhKG4
youtube JEK3suJ38NA
youtube gbaO03XTXKI
youtube IUA_kgULtGo
youtube M9SviVNacZs
youtube 9AyEW07KWBg
youtube 3ywc9VeiOLc
youtube U5LO1zazNs0
youtube LlFKUvibk3E
youtube S_EaC2LvTUM
youtube ZdtJqv4D-yg
youtube T1lIHRW6Woc
youtube vM4Wy1G0uko
youtube lsKZhchpuak
youtube S7Xno5cnfWs
youtube hO_oXYPPiTc
youtube pC1YltFwlkU
youtube 3asKO2DPGhU
youtube xnMzVTP7ZpU
youtube QTglOURR0qs
youtube Sruqk5loQh4
youtube zxng1Mrr_-E
youtube Rpp_xG1cBVs
youtube d4M5CXUqudc
youtube _VbmkCQRZ3k
youtube Jf-XJ8hTF1Q
youtube yR49pHd9dXQ
youtube VcF9L0t78mw
youtube LHz8tu1U538
youtube HGei-BjPeCI
youtube ivUGm99-vig
youtube Et7c9xnqVvs
youtube AcPXLS4vFbc
youtube 8XMXAeHbIL4
