youtube Fr5Z_SEsG9E
youtube zWm4qfdFfgk
youtube LqwrKQrqPiM
youtube AKN-DhDjsds
youtube TLq6y5g-Piw
youtube wDt8wsN7n-c
youtube Q8SDt7V4HQM
youtube USu6e_6Z4f0
youtube 20sBMyjGuN8
youtube J-TJPxkKJIY
youtube qNbAlgIUl10
youtube T7Bbfr_2aQk
youtube sv1PbfQcwfE
youtube _jhvGf7Kk-s
youtube qne6oXuugrI
youtube 25yLmmftmlo
youtube kPcvE56-mtY
youtube u8I7lygFB28
youtube ppV_20wuEOk
youtube wQofoZ37EMM
youtube i36UPs1tRog
youtube 5gZCF5MClaw
youtube QgjfBQHuv5M
youtube T4Elkb2z0Y0
youtube UDG0i0tltUw
youtube iQt8TXbHaYw
youtube cfuPWgfSFts
youtube cxSYDATiBH8
youtube NAsZ7shHFis
youtube 4qlTycmROAA
youtube yGpnip-_jOI
youtube Alkwwt5OwVo
youtube yh18EkEv_LE
youtube 5m-4OqiCLjk
youtube M3E-mWFozvM
youtube Qz-XAnbwHMQ
youtube YpiBYh5rY5I
youtube exhexMLf888
youtube hzcvtQsEHVY
youtube mSV5zWMBOC8
youtube GyTrus_pJEg
youtube GPitMNwQU-Y
youtube KZi-4znbmXI
youtube o8H-zxsHP0w
youtube 0uNXcpKo9oE
youtube pWMm2LcIEKE
youtube 0aWdQNnQb-U
youtube qRP7IIUtJe8
youtube UMkUWlJoGRY
youtube 3iiBtaZoS_0
youtube vqnoNwhfREA
youtube C0fjCLTK6Dw
youtube HdDo0stU0As
youtube XLNWtnHBO5k
youtube YyikOAXa_7s
youtube 9pvbCQzlhjo
youtube EYfMFne-cmc
youtube wqeoe2c7qzw
youtube IHgWl3K2lvk
youtube yLS-AUGA0N0
youtube aQBjzToQCok
youtube Lv4gl4ZicAk
youtube iL6c_MU3dwQ
youtube aRkxSSUr8Dg
youtube uleCxH4U0SU
youtube Peoktcl2fIQ
youtube gfvMO3NTjdg
youtube 781Ga8nNAG8
youtube swR_mpmrBmE
youtube YCNmE5rzP9w
youtube GSwspJhLWX4
youtube JVquAGImWM8
youtube 0I-vE2vi-r8
youtube wbnadUOQv9s
youtube UqKZWPy29mo
youtube 3PWzu_GOfas
youtube hw89uNVsZao
youtube npF3u2WQMkQ
youtube ou64gA-i52o
youtube nh2Wid6gmLg
youtube Ah2no1iTrtk
youtube UxMAEXIHGTg
youtube 9aNiDIyp6rA
youtube jNhT9RNHacw
youtube cJB1qx2iLAE
youtube 97VbMnXcva0
youtube 6T1vbQbdEJw
youtube _1eQTdJ4q50
youtube wSH0OEuMpKk
youtube 756FTEg27yY
youtube 8TmnBxmyELw
youtube nzlE2ZFzO1g
youtube 2Yh0LUW-LB0
youtube z9IqskZnso4
youtube sGBRSHYBR5Q
youtube I-jGwqyLB30
youtube zoM8Cxz1TA0
youtube TFUV8vnf3qk
youtube 58szWCx60iY
youtube VW0GwUat3HY
youtube vqr97IT3Qko
youtube OWVe73bsj58
youtube C3OvhMUls2s
youtube whYlvgnHarc
youtube 1jR_gS9Scx0
youtube pt8ePNyceFo
youtube TpZgnFRsB5k
youtube 0w3M-O4L4oM
youtube y3Da82tXkZE
youtube pn_iMqYNpJ8
youtube Ldt_vf5ZDGc
youtube HjtZJP8PmVw
youtube gwl2Fc0xEGU
youtube c7z1Vjq149E
youtube 3k_0dtek7vk
youtube CrzEyU7DSS0
youtube aUta-IhleoE
youtube Wllz1svKl1Y
youtube 38OPANyZoWE
youtube ZOXv89k2K6M
youtube zba21sAV19U
youtube oNSWKl_JVdg
youtube oHW2QK-MPFE
youtube f5w8RKhTJe0
youtube O1-i3PwnVVg
youtube MT4SAzZB_NI
youtube V6d0OM89fkQ
youtube xooqwfhi4QY
youtube OhA2soG-izk
youtube NVWN9tLFrfI
youtube wduyvZnqkZo
youtube 13K54IiNKaw
youtube JrSI-dnACRE
youtube tC_eDC63GmM
youtube tebA9repj5w
youtube GSqtrh-931A
youtube fyjqnCUEvLY
youtube R11-At-TZPw
youtube T0AIYHu_m4I
youtube _H-tz-MQSbQ
youtube fwPtcSYoVUM
youtube 4gqFrfPY-1E
youtube 1XKRmQ6QwSs
youtube hInba8aDPEM
youtube hrsTn0P7_3U
youtube TIPOJ1csG9A
youtube 5YN7-ofOuus
youtube yqmxT2Sg1I0
youtube ndE741Gmigw
youtube DmWoXDaDHMI
youtube Nj6viuu3Li4
youtube i3URd45ZVE8
youtube on7pLH61MQU
youtube UKom-cMPxFw
youtube GrJg-w-4DJk
youtube a5gzzCxXoNc
youtube e_2owwAgqq8
youtube lVtqDVqdoqo
youtube SqUQ6oFqbZs
youtube o9h5w2XdzWI
youtube -T2xWMCaBp0
youtube f2oK4OrhQRs
youtube LZR-FJSB_kc
youtube jhOTfHolQs4
youtube CclfipycW4A
youtube hVe30rz3DgY
youtube zuwn8Q_Qh3Q
youtube Bd-zJlHASE4
youtube wCxvzLXrzGE
youtube M-Hj0GUuHDg
youtube W8TDI_MCAKQ
youtube 8y9zA55bzyA
youtube lLSM7zXmKvw
youtube taFZYx-5IhE
youtube l_eINxg9608
youtube EULBhr_SbVM
youtube AI43CuWQbPs
youtube 1GbDVmgBsBc
youtube nkoc_BrtGMo
youtube 7SDNPCs9i3Y
youtube EQe0-eWi-rg
youtube nvbK45tT6No
youtube 1qkI6a3_Cr0
youtube bPw_q-A4svs
youtube rUaSA0hnS1Y
youtube q-dRcuF8rXY
youtube tLCYgK3Lt4E
youtube KSb2NOsfoaw
youtube YhcFx_3o7-A
youtube iDCB3P-P5tY
youtube 85oxENyhCXM
youtube rZXOrua6mzs
youtube zBRp1mEMnH0
youtube XlOICWygtbg
youtube 2CzXdquZfX0
youtube dbguOVUlHU4
youtube G8y3bRxbfc8
youtube SsMnmAeGCOM
youtube ZpTJDaiFd4I
youtube bZxQ6LSYuuc
youtube 5z53RhsvqIQ
youtube P1AcKofleNU
youtube MddRmOFn6y8
youtube SFwMluS19tM
youtube FmiftxGjysc
youtube vjAcC0HJj7k
youtube DYBiVqFNc4A
youtube Fbzw-9M135k
youtube Vus_kQkpnAw
youtube hXJXe9vDYRA
youtube Y0vJyUM8dvU
youtube foHWASgnNdg
youtube KKQOIXyWQYQ
youtube 9OQP-lfIai0
youtube 2Q1i0kH2weY
youtube WTn3xFNLL6o
youtube ovIS1tmm108
youtube otPBRZrUyUA
youtube TKA8ahqaknI
youtube BwM9GEs8fxE
youtube m93knUljbXs
youtube at_C3Juxgh0
youtube mK2ti_tbMbM
youtube EQ4neqcjMuo
youtube SfT76dIb4dM
youtube e3I8VeDwVJo
youtube MddRmOFn6y8
youtube P1AcKofleNU
youtube Cp4rICQdSDw
youtube 4ZZjFHAOsVs
youtube 801cYsMNMzw
youtube M4NMHN1vZcQ
youtube N3UJiRhVl6A
youtube WthgEtOWpWE
youtube t9BYG6LhfG8
youtube -setMW67cIc
youtube mYRgTD1pWWI
youtube 5m0xTKSWCIc
youtube Lc6aZm3isPw
youtube vt_jtk_jRxY
youtube eAf_ca7tSrY
youtube fowtznJLEq0
youtube vPHqEEBYpqc
youtube 12R641wkulI
youtube HYOLLllobU0
youtube c86HAzV1M_k
youtube JV-wn5Qy-Ds
youtube TW3l9AinHLg
youtube fT_8pGzKIpE
youtube 0s471aIIsK8
youtube 1KSPS91C7IU
youtube R9NPbyGJmrc
youtube 5aO3x5lX1E8
youtube 21xOxVNFTj8
youtube HsQp_Q8ZgpQ
youtube yqYdCeV2ELM
youtube X1mx42jJTSs
youtube NayUq7zt-1Y
youtube HhovBzlr8yc
youtube 86Hs7oWH1jw
youtube Y96W0yDkyTk
youtube h8g8VuUuvQA
youtube dVIgu06Y1gk
youtube 0Ltr9MpkxTQ
youtube Y0TYt3Dz-c0
youtube VWwB8k_xmSI
youtube aDAfCLbIHi4
youtube sMy0wzu4kcs
youtube w_JerJsMVTM
youtube LFJjVe-kuEU
youtube tqbTSgPsYm4
youtube xjg9o6d3XEc
youtube KKTOjrxjvJw
youtube Zblf0SSnND0
youtube SEb22ha6cLA
youtube B5_lfCc90Bg
youtube uLKnSTwAe50
youtube z1HZbUX5qxg
youtube f-W7Rk8ZXoU
youtube ZQm6krOpWh8
youtube T4Phwj3osHY
youtube gS8_eSKOZJ8
youtube Kn3aNEYT8zo
youtube d-y7rHOGVYs
youtube x-P-65OLKgE
youtube 2nkIW0jPyCo
youtube gZyC7Xlzs44
youtube p78N2fBSCoE
youtube qz8pqh52QSQ
youtube Gi9u1xnuQ1c
youtube Wn5Q5LsDOuA
youtube O4wDZGrki5Y
youtube CjPQEpc3Y9I
youtube Lx_w0zKvIEo
youtube 8a-0UgLlzvY
youtube M5CCPk1PaHQ
youtube j-AbZAnVS4I
youtube ZavAGvC54TU
youtube Vo318goSS3A
youtube nKYn4kC_hKk
youtube dTIV2K8XbOs
youtube Rdh92FjG7xQ
youtube xgP8AZF8Oc4
youtube -r2UVJ1Q3FI
youtube ZhrouFVa8mQ
youtube xY99Wo0EQPE
youtube ALct4wk7xWk
youtube e0-zuZmznw8
youtube gg810MRTDkQ
youtube sVYIGE4_qik
youtube g97-7HJR4dA
youtube JMxtrOglo-M
youtube 52gLov78Oc8
youtube MepBQlecODs
youtube LQPu5vQ_7cw
youtube CivYc4t9ZTA
youtube urVJWtPhTLc
youtube jyVF1JYZS5s
youtube yeODq5nMk9o
youtube U6pHAbAW6R0
youtube 3vSdVdo_Zz4
youtube fQXK7TLXif4
youtube h2DeOoIOgvE
youtube ZR9Z_azrnBg
youtube h9szckInCWg
youtube VZZq92EgXm8
youtube NagHCJDfpgw
youtube bIyufNP0tlA
youtube S16HrI3EvB0
youtube kxvS9-NkCWI
youtube Bl1h1jeFYM0
youtube afnxWBfhfEc
youtube j4afGIpgMsU
youtube lilWmFSD9I4
youtube txHe0rmR0_k
youtube TrR-nHXCoKA
youtube zDhmOUDVLlM
youtube nzatLuLfAmw
youtube vUVp4Ih_H2E
youtube GYzkiTPDISk
youtube w6362qmU63o
youtube EC_KBr2lg7g
youtube F2GeG-E7Wfk
youtube GvlzhmWNlDk
youtube MWWEHAc7rFQ
youtube xd0kh9PbHzM
youtube 6IzBc8e_d3I
youtube 2ZE51pya2js
youtube z6wG8J6jAKM
youtube ErwUKmXBurc
youtube tQ43s5zxv4A
youtube eVo37j1BHno
youtube NtGCNx09DUo
youtube fa0eUmaAJOs
youtube Gp_A33J_MV4
youtube c69DitWk6_w
youtube XlJWX39x2K4
youtube IC9wVYwYJA0
youtube pQF2Mj2UmVo
youtube ziXOHmLKB2Q
youtube d07fwLX7O9U
youtube O5Sc9vL5sQ4
youtube VYc7XP7U-Bc
youtube FrF9BS-DOOw
youtube 0tKc9A1Bybk
youtube lAW3ViZ1Dtg
youtube f-iOCWtV1B8
youtube 4hOdywS6quA
youtube IPa9Y2HzPkY
youtube hChb4-yEn9c
youtube gW_-Q_0H_04
youtube hGBPZM0ZzC8
youtube q9G48SP2qAY
youtube 7lGLrAxCwM8
youtube IGfZypd0xO4
youtube aTeG-u4RrV0
youtube VSJS26wtakQ
youtube _RdOsgU0dyQ
youtube A6Q1gVnK_zQ
youtube PGnlGezs6ok
youtube tRzK5ITsWVE
youtube 0szomzGz-KE
youtube xZacUyQVuko
youtube 9WCOfcFS63k
youtube lZ1JwWvWdYg
youtube dDI8FLQA3Q8
youtube lqCy31tehhI
youtube 2smlB1kGc2Y
youtube MhEeOpVepuc
youtube azdwSUzaeYw
youtube dP5b0AsJK1w
youtube NQBnGD2GBv4
youtube aspXqBajJ9U
youtube MltViiwpodI
youtube OC4NOXr8yKE
youtube N-y34Jq7Rkg
youtube XPwMaJn9PUc
youtube 6md0mwquEcI
youtube w0Lki1qJ1Ug
youtube CsPtbeUZ0Yg
youtube wcbwu9c1204
youtube -X-5mMZG8NY
youtube 9G3GQEVAoWQ
youtube 7uguVazvdSk
youtube PIzHYjytu_c
youtube uYEJKBgPTvA
