youtube GNVvglwNIBg
youtube -kqGgKxCzjQ
youtube 1ZpCwNsJtzk
youtube cYk1YBrea2k
youtube faRAuQEmoJg
youtube zQ6fLhSyepc
youtube TDN3D9le1tY
youtube As4DX5f7N2k
youtube QbpWwBB-ZXE
youtube dNePH8BQoPE
youtube 0qxG0Ch-2DY
youtube ZdsBLQ3dehk
youtube oPl252yOOxo
youtube GsVa6h8T7Gs
youtube fjq2b8DuT_4
youtube ZdAvg01JI6A
youtube z1vdx_pQlCY
youtube pIp44eBvhUg
youtube d6dMImWYyoY
youtube ujYzJ9pdtNM
youtube pTBoC-t_Apg
youtube gwxi08XtwSY
youtube Ximqoju83FQ
youtube -vr-etcVw1o
youtube CXVeNhvE2iw
youtube kqE699GpwhU
youtube dFd8-Lhf_D4
youtube MUejonfHa4Q
youtube GUzspL4EWgo
youtube xpZz2q25hOo
youtube jOGdKe_DlTI
youtube Wvs9EG8THg4
youtube 5Ht800Wp5bM
youtube RsilaUD6VXY
youtube tguFXpb6R8A
youtube pbwSlTxwzOA
youtube zWORtpYO5dQ
youtube 9glzoUA-vDo
youtube urXz3-qmFXs
youtube GqZQx4oz5J4
youtube HNaUOzd2R7c
youtube T60Dm5aCXbI
youtube GxYAY1zLwKU
